{
  "version": "1.5.0",
  "plugins_used": [
    {
      "name": "ArtifactoryDetector"
    },
    {
      "name": "AWSKeyDetector"
    },
    {
      "name": "AzureStorageKeyDetector"
    },
    {
      "name": "Base64HighEntropyString",
      "limit": 4.5
    },
    {
      "name": "BasicAuthDetector"
    },
    {
      "name": "CloudantDetector"
    },
    {
      "name": "DiscordBotTokenDetector"
    },
    {
      "name": "GitHubTokenDetector"
    },
    {
      "name": "GitLabTokenDetector"
    },
    {
      "name": "HexHighEntropyString",
      "limit": 3.0
    },
    {
      "name": "IbmCloudIamDetector"
    },
    {
      "name": "IbmCosHmacDetector"
    },
    {
      "name": "IPPublicDetector"
    },
    {
      "name": "JwtTokenDetector"
    },
    {
      "name": "KeywordDetector",
      "keyword_exclude": ""
    },
    {
      "name": "MailchimpDetector"
    },
    {
      "name": "NpmDetector"
    },
    {
      "name": "OpenAIDetector"
    },
    {
      "name": "PrivateKeyDetector"
    },
    {
      "name": "PypiTokenDetector"
    },
    {
      "name": "SendGridDetector"
    },
    {
      "name": "SlackDetector"
    },
    {
      "name": "SoftlayerDetector"
    },
    {
      "name": "SquareOAuthDetector"
    },
    {
      "name": "StripeDetector"
    },
    {
      "name": "TelegramBotTokenDetector"
    },
    {
      "name": "TwilioKeyDetector"
    }
  ],
  "filters_used": [
    {
      "path": "detect_secrets.filters.allowlist.is_line_allowlisted"
    },
    {
      "path": "detect_secrets.filters.common.is_ignored_due_to_verification_policies",
      "min_level": 2
    },
    {
      "path": "detect_secrets.filters.heuristic.is_indirect_reference"
    },
    {
      "path": "detect_secrets.filters.heuristic.is_likely_id_string"
    },
    {
      "path": "detect_secrets.filters.heuristic.is_lock_file"
    },
    {
      "path": "detect_secrets.filters.heuristic.is_not_alphanumeric_string"
    },
    {
      "path": "detect_secrets.filters.heuristic.is_potential_uuid"
    },
    {
      "path": "detect_secrets.filters.heuristic.is_prefixed_with_dollar_sign"
    },
    {
      "path": "detect_secrets.filters.heuristic.is_sequential_string"
    },
    {
      "path": "detect_secrets.filters.heuristic.is_swagger_file"
    },
    {
      "path": "detect_secrets.filters.heuristic.is_templated_secret"
    },
    {
      "path": "detect_secrets.filters.regex.should_exclude_file",
      "pattern": [
        "^(tests/.*\\.txt|formal/.*|target/.*|.*\\.(spthy|pv|tla|lean)|package-lock\\.json|web_demo/package-lock\\.json|crypto_core/Cargo\\.lock|rust_crypto/Cargo\\.lock)$"
      ]
    }
  ],
  "results": {
    "crypto_core/tests/golden_vectors.rs": [
      {
        "type": "Hex High Entropy String",
        "filename": "crypto_core/tests/golden_vectors.rs",
        "hashed_secret": "93dbd2f645f5e90dfa14cc95fad2f32426bbda35",
        "is_verified": false,
        "line_number": 83
      },
      {
        "type": "Hex High Entropy String",
        "filename": "crypto_core/tests/golden_vectors.rs",
        "hashed_secret": "9ffaede0da5b34cc2ff30241daacc3c57e1c1308",
        "is_verified": false,
        "line_number": 117
      },
      {
        "type": "Hex High Entropy String",
        "filename": "crypto_core/tests/golden_vectors.rs",
        "hashed_secret": "dace244d1ce144802c99aae906b5fe57a5e94121",
        "is_verified": false,
        "line_number": 155
      },
      {
        "type": "Hex High Entropy String",
        "filename": "crypto_core/tests/golden_vectors.rs",
        "hashed_secret": "bf81e9ad104ad60e3649d2747ef7b1819c238744",
        "is_verified": false,
        "line_number": 210
      },
      {
        "type": "Hex High Entropy String",
        "filename": "crypto_core/tests/golden_vectors.rs",
        "hashed_secret": "97a8ab655f9cfe70674405e5205bf048ae9d579c",
        "is_verified": false,
        "line_number": 302
      },
      {
        "type": "Hex High Entropy String",
        "filename": "crypto_core/tests/golden_vectors.rs",
        "hashed_secret": "4448f73e0f04ed1044f1bb70248aadc1aed3299b",
        "is_verified": false,
        "line_number": 424
      },
      {
        "type": "Hex High Entropy String",
        "filename": "crypto_core/tests/golden_vectors.rs",
        "hashed_secret": "bb96365a0c534ce5821ce16a4c55b7a032fd1fd8",
        "is_verified": false,
        "line_number": 426
      },
      {
        "type": "Hex High Entropy String",
        "filename": "crypto_core/tests/golden_vectors.rs",
        "hashed_secret": "39c3befb751c18f767b1c25d7ed9feb3b81b0a15",
        "is_verified": false,
        "line_number": 428
      },
      {
        "type": "Hex High Entropy String",
        "filename": "crypto_core/tests/golden_vectors.rs",
        "hashed_secret": "c4a3a683df3d3e30b752eec5fca2da5c739f6926",
        "is_verified": false,
        "line_number": 429
      }
    ],
    "docker-compose.yml": [
      {
        "type": "Secret Keyword",
        "filename": "docker-compose.yml",
        "hashed_secret": "58e69ecb3fc94385772b894749b5ed18e3a649d1",
        "is_verified": false,
        "line_number": 6
      }
    ],
    "examples/benchmark.mjs": [
      {
        "type": "Secret Keyword",
        "filename": "examples/benchmark.mjs",
        "hashed_secret": "382caa7c44ee23ee25616f7e303af33c591efc3a",
        "is_verified": false,
        "line_number": 69
      }
    ],
    "examples/demo_schrodinger.py": [
      {
        "type": "Secret Keyword",
        "filename": "examples/demo_schrodinger.py",
        "hashed_secret": "e6835831f881c3145429722b21075e954df14c6c",
        "is_verified": false,
        "line_number": 94
      },
      {
        "type": "Secret Keyword",
        "filename": "examples/demo_schrodinger.py",
        "hashed_secret": "6066a7515a94e66dbac1ab7699c4280a5ff87c51",
        "is_verified": false,
        "line_number": 95
      }
    ],
    "examples/golden-video-generator.html": [
      {
        "type": "Hex High Entropy String",
        "filename": "examples/golden-video-generator.html",
        "hashed_secret": "244f421f896bdcdd2784dccf4eaf7c8dfd5189b5",
        "is_verified": false,
        "line_number": 141
      },
      {
        "type": "Hex High Entropy String",
        "filename": "examples/golden-video-generator.html",
        "hashed_secret": "b1775a785f09a6ebaf2dc33d6eaeb98974d9cdb8",
        "is_verified": false,
        "line_number": 144
      }
    ],
    "examples/meow_decoder_demos.ipynb": [
      {
        "type": "Base64 High Entropy String",
        "filename": "examples/meow_decoder_demos.ipynb",
        "hashed_secret": "0d22d20431f58045c0c96bcb5a5726d892be3bce",
        "is_verified": false,
        "line_number": 122
      },
      {
        "type": "Base64 High Entropy String",
        "filename": "examples/meow_decoder_demos.ipynb",
        "hashed_secret": "14422df0b63d3c3df391e2b15a93e82e8460c894",
        "is_verified": false,
        "line_number": 2781
      },
      {
        "type": "Base64 High Entropy String",
        "filename": "examples/meow_decoder_demos.ipynb",
        "hashed_secret": "15eb123691c05af879704c486e201954d63bd064",
        "is_verified": false,
        "line_number": 3483
      },
      {
        "type": "Base64 High Entropy String",
        "filename": "examples/meow_decoder_demos.ipynb",
        "hashed_secret": "a9c9575f6e4fbb22a31087d5e36089f58fba2ecb",
        "is_verified": false,
        "line_number": 3505
      },
      {
        "type": "Base64 High Entropy String",
        "filename": "examples/meow_decoder_demos.ipynb",
        "hashed_secret": "54779410da8bce8bf7f616d23d71026a68c3b1be",
        "is_verified": false,
        "line_number": 7752
      },
      {
        "type": "Base64 High Entropy String",
        "filename": "examples/meow_decoder_demos.ipynb",
        "hashed_secret": "40b37f40d9948c2197c50ce3bc1bcc9594011473",
        "is_verified": false,
        "line_number": 7774
      }
    ],
    "examples/performance-profiler.html": [
      {
        "type": "Secret Keyword",
        "filename": "examples/performance-profiler.html",
        "hashed_secret": "382caa7c44ee23ee25616f7e303af33c591efc3a",
        "is_verified": false,
        "line_number": 93
      }
    ],
    "fuzz/fuzz_crypto.py": [
      {
        "type": "Secret Keyword",
        "filename": "fuzz/fuzz_crypto.py",
        "hashed_secret": "01ff7c85423002f58ee996360881941f74d7b735",
        "is_verified": false,
        "line_number": 101
      },
      {
        "type": "Secret Keyword",
        "filename": "fuzz/fuzz_crypto.py",
        "hashed_secret": "9fb7fe1217aed442b04c0f5e43b5d5a7d3287097",
        "is_verified": false,
        "line_number": 151
      }
    ],
    "fuzz/fuzz_x25519_fs.py": [
      {
        "type": "Secret Keyword",
        "filename": "fuzz/fuzz_x25519_fs.py",
        "hashed_secret": "0492e0df40077c04b1943dc1aadb32c659080fac",
        "is_verified": false,
        "line_number": 116
      },
      {
        "type": "Secret Keyword",
        "filename": "fuzz/fuzz_x25519_fs.py",
        "hashed_secret": "7779afaf219fe8c4d5ed68b74ece731e799c8270",
        "is_verified": false,
        "line_number": 144
      }
    ],
    "meow_decoder/_archive/bidirectional.py": [
      {
        "type": "Secret Keyword",
        "filename": "meow_decoder/_archive/bidirectional.py",
        "hashed_secret": "8194067580f63021404f21b64286593732f72271",
        "is_verified": false,
        "line_number": 702
      }
    ],
    "meow_decoder/_archive/crypto_enhanced.py": [
      {
        "type": "Secret Keyword",
        "filename": "meow_decoder/_archive/crypto_enhanced.py",
        "hashed_secret": "5a0aee0f3af308cd6d74d617fde6592c2bc94fa3",
        "is_verified": false,
        "line_number": 600
      }
    ],
    "meow_decoder/_archive/forward_secrecy_x25519.py": [
      {
        "type": "Secret Keyword",
        "filename": "meow_decoder/_archive/forward_secrecy_x25519.py",
        "hashed_secret": "5a0aee0f3af308cd6d74d617fde6592c2bc94fa3",
        "is_verified": false,
        "line_number": 264
      }
    ],
    "meow_decoder/_archive/streaming_crypto.py": [
      {
        "type": "Secret Keyword",
        "filename": "meow_decoder/_archive/streaming_crypto.py",
        "hashed_secret": "5a0aee0f3af308cd6d74d617fde6592c2bc94fa3",
        "is_verified": false,
        "line_number": 655
      }
    ],
    "meow_decoder/constant_time.py": [
      {
        "type": "Secret Keyword",
        "filename": "meow_decoder/constant_time.py",
        "hashed_secret": "dee81e7c5c34ddc8bc53cef591410d3db6dacd46",
        "is_verified": false,
        "line_number": 361
      }
    ],
    "meow_decoder/crypto.py": [
      {
        "type": "Secret Keyword",
        "filename": "meow_decoder/crypto.py",
        "hashed_secret": "5a0aee0f3af308cd6d74d617fde6592c2bc94fa3",
        "is_verified": false,
        "line_number": 1981
      }
    ],
    "meow_decoder/decode_gif.py": [
      {
        "type": "Secret Keyword",
        "filename": "meow_decoder/decode_gif.py",
        "hashed_secret": "f410e0466ae4b065bfa4d9010ad6056864ed4e50",
        "is_verified": false,
        "line_number": 1250
      },
      {
        "type": "Secret Keyword",
        "filename": "meow_decoder/decode_gif.py",
        "hashed_secret": "1abec9117ad626827cdb174b43c6243e0c956256",
        "is_verified": false,
        "line_number": 1252
      }
    ],
    "meow_decoder/encode.py": [
      {
        "type": "Secret Keyword",
        "filename": "meow_decoder/encode.py",
        "hashed_secret": "7465cf05980ec2bc8e727dc37e1edfd3c4b49300",
        "is_verified": false,
        "line_number": 831
      },
      {
        "type": "Secret Keyword",
        "filename": "meow_decoder/encode.py",
        "hashed_secret": "f410e0466ae4b065bfa4d9010ad6056864ed4e50",
        "is_verified": false,
        "line_number": 1572
      },
      {
        "type": "Secret Keyword",
        "filename": "meow_decoder/encode.py",
        "hashed_secret": "1abec9117ad626827cdb174b43c6243e0c956256",
        "is_verified": false,
        "line_number": 1584
      }
    ],
    "mobile/__tests__/debugBundleExporter.test.ts": [
      {
        "type": "Hex High Entropy String",
        "filename": "mobile/__tests__/debugBundleExporter.test.ts",
        "hashed_secret": "c4bb0105f068258c1b685f222fc4bf606acb152a",
        "is_verified": false,
        "line_number": 39
      },
      {
        "type": "Hex High Entropy String",
        "filename": "mobile/__tests__/debugBundleExporter.test.ts",
        "hashed_secret": "0857abc2d90c5d9821229fc0a880f1c38ffb0e04",
        "is_verified": false,
        "line_number": 203
      }
    ],
    "mobile/android/MeowCrypto.kt": [
      {
        "type": "Secret Keyword",
        "filename": "mobile/android/MeowCrypto.kt",
        "hashed_secret": "abf7aad6438836dbe526aa231abde2d0eef74d42",
        "is_verified": false,
        "line_number": 382
      }
    ],
    "scripts/gen_aes_ctr_golden.py": [
      {
        "type": "Hex High Entropy String",
        "filename": "scripts/gen_aes_ctr_golden.py",
        "hashed_secret": "682b4a4af0cff5a91aa8e4da5409f3ab9eb9a917",
        "is_verified": false,
        "line_number": 12
      },
      {
        "type": "Hex High Entropy String",
        "filename": "scripts/gen_aes_ctr_golden.py",
        "hashed_secret": "4b1f12f70e648c37a65cbce4fb4914444753c6ab",
        "is_verified": false,
        "line_number": 13
      },
      {
        "type": "Hex High Entropy String",
        "filename": "scripts/gen_aes_ctr_golden.py",
        "hashed_secret": "1284603b66c7dcd743d72592db7995b647df3408",
        "is_verified": false,
        "line_number": 14
      },
      {
        "type": "Hex High Entropy String",
        "filename": "scripts/gen_aes_ctr_golden.py",
        "hashed_secret": "d56947cf00147012b43590e69e23c2c18e0f50a9",
        "is_verified": false,
        "line_number": 15
      },
      {
        "type": "Hex High Entropy String",
        "filename": "scripts/gen_aes_ctr_golden.py",
        "hashed_secret": "4a38aa084ba47d5ac78f8e0073ed76f6438a6236",
        "is_verified": false,
        "line_number": 16
      }
    ],
    "test_cat_dual_eye.js": [
      {
        "type": "Secret Keyword",
        "filename": "test_cat_dual_eye.js",
        "hashed_secret": "abc8903502c25bb33ca757af6fa3356ef78c7fb3",
        "is_verified": false,
        "line_number": 588
      },
      {
        "type": "Secret Keyword",
        "filename": "test_cat_dual_eye.js",
        "hashed_secret": "142f928737d2a15cf7ff5f8c291b7321efe54d04",
        "is_verified": false,
        "line_number": 630
      }
    ],
    "tests/GOLDEN_VIDEO_GENERATION.md": [
      {
        "type": "Hex High Entropy String",
        "filename": "tests/GOLDEN_VIDEO_GENERATION.md",
        "hashed_secret": "244f421f896bdcdd2784dccf4eaf7c8dfd5189b5",
        "is_verified": false,
        "line_number": 235
      }
    ],
    "tests/_archive/test_bidirectional.py": [
      {
        "type": "Secret Keyword",
        "filename": "tests/_archive/test_bidirectional.py",
        "hashed_secret": "76ed0a056aa77060de25754586440cff390791d0",
        "is_verified": false,
        "line_number": 26
      }
    ],
    "tests/_archive/test_clowder.py": [
      {
        "type": "Secret Keyword",
        "filename": "tests/_archive/test_clowder.py",
        "hashed_secret": "1a91d62f7ca67399625a4368a6ab5d4a3baa6073",
        "is_verified": false,
        "line_number": 90
      }
    ],
    "tests/_archive/test_crypto_enforcement.py": [
      {
        "type": "Hex High Entropy String",
        "filename": "tests/_archive/test_crypto_enforcement.py",
        "hashed_secret": "0f6dec964e8931bdcd543b8176c63c4dac217282",
        "is_verified": false,
        "line_number": 265
      },
      {
        "type": "Hex High Entropy String",
        "filename": "tests/_archive/test_crypto_enforcement.py",
        "hashed_secret": "e671a47358850c8d8faac20f502b3d83fbdf8d35",
        "is_verified": false,
        "line_number": 265
      },
      {
        "type": "Hex High Entropy String",
        "filename": "tests/_archive/test_crypto_enforcement.py",
        "hashed_secret": "3da2c8503b42e30a63a171bff97ec343019e485c",
        "is_verified": false,
        "line_number": 277
      },
      {
        "type": "Hex High Entropy String",
        "filename": "tests/_archive/test_crypto_enforcement.py",
        "hashed_secret": "f3da016eff249a6cb11159c54d4129c53d74f45c",
        "is_verified": false,
        "line_number": 277
      },
      {
        "type": "Hex High Entropy String",
        "filename": "tests/_archive/test_crypto_enforcement.py",
        "hashed_secret": "682b4a4af0cff5a91aa8e4da5409f3ab9eb9a917",
        "is_verified": false,
        "line_number": 290
      },
      {
        "type": "Hex High Entropy String",
        "filename": "tests/_archive/test_crypto_enforcement.py",
        "hashed_secret": "4b1f12f70e648c37a65cbce4fb4914444753c6ab",
        "is_verified": false,
        "line_number": 291
      },
      {
        "type": "Hex High Entropy String",
        "filename": "tests/_archive/test_crypto_enforcement.py",
        "hashed_secret": "1284603b66c7dcd743d72592db7995b647df3408",
        "is_verified": false,
        "line_number": 292
      },
      {
        "type": "Hex High Entropy String",
        "filename": "tests/_archive/test_crypto_enforcement.py",
        "hashed_secret": "d56947cf00147012b43590e69e23c2c18e0f50a9",
        "is_verified": false,
        "line_number": 293
      },
      {
        "type": "Hex High Entropy String",
        "filename": "tests/_archive/test_crypto_enforcement.py",
        "hashed_secret": "4a38aa084ba47d5ac78f8e0073ed76f6438a6236",
        "is_verified": false,
        "line_number": 294
      },
      {
        "type": "Hex High Entropy String",
        "filename": "tests/_archive/test_crypto_enforcement.py",
        "hashed_secret": "a63f5c1120160660d344e9e506947b7171c6f035",
        "is_verified": false,
        "line_number": 298
      },
      {
        "type": "Hex High Entropy String",
        "filename": "tests/_archive/test_crypto_enforcement.py",
        "hashed_secret": "71a60673f4ab63e6b214f9ef243f681a489e15f6",
        "is_verified": false,
        "line_number": 299
      },
      {
        "type": "Hex High Entropy String",
        "filename": "tests/_archive/test_crypto_enforcement.py",
        "hashed_secret": "470f2af678f8d9baff3d8cba997cf664933d4c6e",
        "is_verified": false,
        "line_number": 300
      },
      {
        "type": "Hex High Entropy String",
        "filename": "tests/_archive/test_crypto_enforcement.py",
        "hashed_secret": "d861cb5fcccb1d5225c9a8fad32166b25d5f10c1",
        "is_verified": false,
        "line_number": 301
      },
      {
        "type": "Hex High Entropy String",
        "filename": "tests/_archive/test_crypto_enforcement.py",
        "hashed_secret": "efe7ebd4e431c5a68a7e20376cea542211bc04fc",
        "is_verified": false,
        "line_number": 302
      },
      {
        "type": "Hex High Entropy String",
        "filename": "tests/_archive/test_crypto_enforcement.py",
        "hashed_secret": "c3dc1a8da3a140df007bdac33217d0e7b990446f",
        "is_verified": false,
        "line_number": 332
      },
      {
        "type": "Hex High Entropy String",
        "filename": "tests/_archive/test_crypto_enforcement.py",
        "hashed_secret": "dbe24691455a33e5fac4a8954e0c2785b2c4ba81",
        "is_verified": false,
        "line_number": 333
      },
      {
        "type": "Hex High Entropy String",
        "filename": "tests/_archive/test_crypto_enforcement.py",
        "hashed_secret": "16a7131f347ea131cf8e396ccb09c08e897d854f",
        "is_verified": false,
        "line_number": 334
      }
    ],
    "tests/_archive/test_crypto_enhanced.py": [
      {
        "type": "Secret Keyword",
        "filename": "tests/_archive/test_crypto_enhanced.py",
        "hashed_secret": "5a0aee0f3af308cd6d74d617fde6592c2bc94fa3",
        "is_verified": false,
        "line_number": 196
      },
      {
        "type": "Secret Keyword",
        "filename": "tests/_archive/test_crypto_enhanced.py",
        "hashed_secret": "981b955e3a2043028b9534120e1b3ceee16d09d6",
        "is_verified": false,
        "line_number": 204
      },
      {
        "type": "Secret Keyword",
        "filename": "tests/_archive/test_crypto_enhanced.py",
        "hashed_secret": "6d512cc3d1a73d1f0a7331746483447a60b9bd98",
        "is_verified": false,
        "line_number": 219
      },
      {
        "type": "Secret Keyword",
        "filename": "tests/_archive/test_crypto_enhanced.py",
        "hashed_secret": "9fb7fe1217aed442b04c0f5e43b5d5a7d3287097",
        "is_verified": false,
        "line_number": 239
      },
      {
        "type": "Secret Keyword",
        "filename": "tests/_archive/test_crypto_enhanced.py",
        "hashed_secret": "a94a8fe5ccb19ba61c4c0873d391e987982fbbd3",
        "is_verified": false,
        "line_number": 261
      },
      {
        "type": "Secret Keyword",
        "filename": "tests/_archive/test_crypto_enhanced.py",
        "hashed_secret": "cbfdac6008f9cab4083784cbd1874f76618d2a97",
        "is_verified": false,
        "line_number": 350
      },
      {
        "type": "Secret Keyword",
        "filename": "tests/_archive/test_crypto_enhanced.py",
        "hashed_secret": "5baa61e4c9b93f3f0682250b6cf8331b7ee68fd8",
        "is_verified": false,
        "line_number": 360
      },
      {
        "type": "Secret Keyword",
        "filename": "tests/_archive/test_crypto_enhanced.py",
        "hashed_secret": "000ed971d1b78ac272e22fbcc2ce81373e60e0d6",
        "is_verified": false,
        "line_number": 968
      },
      {
        "type": "Secret Keyword",
        "filename": "tests/_archive/test_crypto_enhanced.py",
        "hashed_secret": "f13733f6dd9f1ed3118e2da31428c71eab5ffd99",
        "is_verified": false,
        "line_number": 1014
      }
    ],
    "tests/_archive/test_debug_modules.py": [
      {
        "type": "Secret Keyword",
        "filename": "tests/_archive/test_debug_modules.py",
        "hashed_secret": "1a91d62f7ca67399625a4368a6ab5d4a3baa6073",
        "is_verified": false,
        "line_number": 99
      }
    ],
    "tests/_archive/test_extended_golden_vectors.py": [
      {
        "type": "Secret Keyword",
        "filename": "tests/_archive/test_extended_golden_vectors.py",
        "hashed_secret": "c18006fc138809314751cd1991f1e0b820fabd37",
        "is_verified": false,
        "line_number": 55
      }
    ],
    "tests/_archive/test_meow_encode.py": [
      {
        "type": "Secret Keyword",
        "filename": "tests/_archive/test_meow_encode.py",
        "hashed_secret": "5baa61e4c9b93f3f0682250b6cf8331b7ee68fd8",
        "is_verified": false,
        "line_number": 108
      }
    ],
    "tests/_archive/test_multi_secret.py": [
      {
        "type": "Secret Keyword",
        "filename": "tests/_archive/test_multi_secret.py",
        "hashed_secret": "ce3c0f6cc625f8e1d969977c3bce7541ed6f85ce",
        "is_verified": false,
        "line_number": 109
      },
      {
        "type": "Secret Keyword",
        "filename": "tests/_archive/test_multi_secret.py",
        "hashed_secret": "c94d65f02a652d11c2e5c2e1ccf38dce5a076e1e",
        "is_verified": false,
        "line_number": 133
      },
      {
        "type": "Secret Keyword",
        "filename": "tests/_archive/test_multi_secret.py",
        "hashed_secret": "29e6acb042fde59f9cf2899a8a4b8ada7db6c3ba",
        "is_verified": false,
        "line_number": 154
      },
      {
        "type": "Secret Keyword",
        "filename": "tests/_archive/test_multi_secret.py",
        "hashed_secret": "9fb7fe1217aed442b04c0f5e43b5d5a7d3287097",
        "is_verified": false,
        "line_number": 579
      }
    ],
    "tests/_archive/test_pq_signatures.py": [
      {
        "type": "Secret Keyword",
        "filename": "tests/_archive/test_pq_signatures.py",
        "hashed_secret": "e5e9fa1ba31ecd1ae84f75caaa474f3a663f05f4",
        "is_verified": false,
        "line_number": 120
      },
      {
        "type": "Secret Keyword",
        "filename": "tests/_archive/test_pq_signatures.py",
        "hashed_secret": "a4b48a81cdab1e1a5dd37907d6c85ca1c61ddc7c",
        "is_verified": false,
        "line_number": 139
      }
    ],
    "tests/_archive/test_quantum_mixer.py": [
      {
        "type": "Secret Keyword",
        "filename": "tests/_archive/test_quantum_mixer.py",
        "hashed_secret": "cdc0d8f0d91fce9a349eed484d437d66ad238592",
        "is_verified": false,
        "line_number": 1120
      },
      {
        "type": "Secret Keyword",
        "filename": "tests/_archive/test_quantum_mixer.py",
        "hashed_secret": "f02a6326518afab76a910f79336962c36f58bca1",
        "is_verified": false,
        "line_number": 1121
      }
    ],
    "tests/_archive/test_resume_secured.py": [
      {
        "type": "Secret Keyword",
        "filename": "tests/_archive/test_resume_secured.py",
        "hashed_secret": "e8662cfb96bd9c7fe84c31d76819ec3a92c80e63",
        "is_verified": false,
        "line_number": 702
      },
      {
        "type": "Secret Keyword",
        "filename": "tests/_archive/test_resume_secured.py",
        "hashed_secret": "5a0aee0f3af308cd6d74d617fde6592c2bc94fa3",
        "is_verified": false,
        "line_number": 1456
      },
      {
        "type": "Secret Keyword",
        "filename": "tests/_archive/test_resume_secured.py",
        "hashed_secret": "e0dfe4a940c0f9499bd515503c4b8f5bb2819007",
        "is_verified": false,
        "line_number": 1680
      },
      {
        "type": "Secret Keyword",
        "filename": "tests/_archive/test_resume_secured.py",
        "hashed_secret": "db00c9e062c4805945f2211c26edf86b502003b3",
        "is_verified": false,
        "line_number": 1799
      },
      {
        "type": "Secret Keyword",
        "filename": "tests/_archive/test_resume_secured.py",
        "hashed_secret": "c94d65f02a652d11c2e5c2e1ccf38dce5a076e1e",
        "is_verified": false,
        "line_number": 1827
      }
    ],
    "tests/_archive/test_schrodinger.py": [
      {
        "type": "Secret Keyword",
        "filename": "tests/_archive/test_schrodinger.py",
        "hashed_secret": "1f6b7328eb89e6ed0b7e28b191943ad1e7c1dee5",
        "is_verified": false,
        "line_number": 363
      },
      {
        "type": "Secret Keyword",
        "filename": "tests/_archive/test_schrodinger.py",
        "hashed_secret": "b5926576a4eaf657a2d3d2b16ab3305f2a13f069",
        "is_verified": false,
        "line_number": 364
      },
      {
        "type": "Secret Keyword",
        "filename": "tests/_archive/test_schrodinger.py",
        "hashed_secret": "7be3db488c30d3e251403404128694dae6233ee5",
        "is_verified": false,
        "line_number": 391
      },
      {
        "type": "Secret Keyword",
        "filename": "tests/_archive/test_schrodinger.py",
        "hashed_secret": "97145eb6c323d442102120af6fb2a2c7af53ac7e",
        "is_verified": false,
        "line_number": 392
      },
      {
        "type": "Secret Keyword",
        "filename": "tests/_archive/test_schrodinger.py",
        "hashed_secret": "4a3c5b692b18886bc593d856c156f0b740de92e1",
        "is_verified": false,
        "line_number": 411
      },
      {
        "type": "Secret Keyword",
        "filename": "tests/_archive/test_schrodinger.py",
        "hashed_secret": "fa9048d03de860fe29280d58d91d59da9135d9c7",
        "is_verified": false,
        "line_number": 412
      },
      {
        "type": "Secret Keyword",
        "filename": "tests/_archive/test_schrodinger.py",
        "hashed_secret": "4a7cc8a829b6bce0c5e5ee2a8e97707db51185bd",
        "is_verified": false,
        "line_number": 506
      },
      {
        "type": "Secret Keyword",
        "filename": "tests/_archive/test_schrodinger.py",
        "hashed_secret": "5a0aee0f3af308cd6d74d617fde6592c2bc94fa3",
        "is_verified": false,
        "line_number": 610
      },
      {
        "type": "Secret Keyword",
        "filename": "tests/_archive/test_schrodinger.py",
        "hashed_secret": "368573e32c24bb6baa170ff74cba2232293f9908",
        "is_verified": false,
        "line_number": 754
      },
      {
        "type": "Secret Keyword",
        "filename": "tests/_archive/test_schrodinger.py",
        "hashed_secret": "6ba02676feff342742508cdc5af9e1d3940492b8",
        "is_verified": false,
        "line_number": 755
      }
    ],
    "tests/_archive/test_secure_bridge.py": [
      {
        "type": "Secret Keyword",
        "filename": "tests/_archive/test_secure_bridge.py",
        "hashed_secret": "aee395311496edd3107aae97294e1c5708de505b",
        "is_verified": false,
        "line_number": 534
      },
      {
        "type": "Secret Keyword",
        "filename": "tests/_archive/test_secure_bridge.py",
        "hashed_secret": "3d8adb62a9a84555919929b1b7da62139b68196d",
        "is_verified": false,
        "line_number": 545
      },
      {
        "type": "Secret Keyword",
        "filename": "tests/_archive/test_secure_bridge.py",
        "hashed_secret": "9fb7fe1217aed442b04c0f5e43b5d5a7d3287097",
        "is_verified": false,
        "line_number": 1234
      }
    ],
    "tests/_archive/test_spec_v12.py": [
      {
        "type": "Private Key",
        "filename": "tests/_archive/test_spec_v12.py",
        "hashed_secret": "1348b145fa1a555461c1b790a2f66614781091e9",
        "is_verified": false,
        "line_number": 56
      },
      {
        "type": "Base64 High Entropy String",
        "filename": "tests/_archive/test_spec_v12.py",
        "hashed_secret": "4b8d92309e0f24e224b6aded170fbb2b6aa9657e",
        "is_verified": false,
        "line_number": 57
      }
    ],
    "tests/_archive/test_streaming_crypto.py": [
      {
        "type": "Secret Keyword",
        "filename": "tests/_archive/test_streaming_crypto.py",
        "hashed_secret": "a0000361831c09f88c6b742721b02608687a2c02",
        "is_verified": false,
        "line_number": 675
      },
      {
        "type": "Secret Keyword",
        "filename": "tests/_archive/test_streaming_crypto.py",
        "hashed_secret": "fa37adb6bb3faa41ca88e22c837a2cee0af9b4c6",
        "is_verified": false,
        "line_number": 691
      },
      {
        "type": "Secret Keyword",
        "filename": "tests/_archive/test_streaming_crypto.py",
        "hashed_secret": "b19f9a01f98152cff9d1f270adb7ca370cc61102",
        "is_verified": false,
        "line_number": 705
      },
      {
        "type": "Secret Keyword",
        "filename": "tests/_archive/test_streaming_crypto.py",
        "hashed_secret": "5f559b59efb6533cc0c48eccd23075b13c5891fa",
        "is_verified": false,
        "line_number": 715
      },
      {
        "type": "Secret Keyword",
        "filename": "tests/_archive/test_streaming_crypto.py",
        "hashed_secret": "c70c0b94e5cb14b1223e42b5c91b456cc8f60c1c",
        "is_verified": false,
        "line_number": 723
      },
      {
        "type": "Secret Keyword",
        "filename": "tests/_archive/test_streaming_crypto.py",
        "hashed_secret": "a0f4ea7d91495df92bbac2e2149dfb850fe81396",
        "is_verified": false,
        "line_number": 738
      },
      {
        "type": "Secret Keyword",
        "filename": "tests/_archive/test_streaming_crypto.py",
        "hashed_secret": "1741026b0c8eed7a10b35296c57649d17dc378c8",
        "is_verified": false,
        "line_number": 749
      },
      {
        "type": "Secret Keyword",
        "filename": "tests/_archive/test_streaming_crypto.py",
        "hashed_secret": "41e5983053b1fe0198aefb118fe425b1f3e20447",
        "is_verified": false,
        "line_number": 783
      },
      {
        "type": "Secret Keyword",
        "filename": "tests/_archive/test_streaming_crypto.py",
        "hashed_secret": "76c6c8916c836a5bbc47deb7f156d50000ec2eba",
        "is_verified": false,
        "line_number": 809
      },
      {
        "type": "Secret Keyword",
        "filename": "tests/_archive/test_streaming_crypto.py",
        "hashed_secret": "0d9042a91bf1a2f4e724bb01b41854c2c8168931",
        "is_verified": false,
        "line_number": 834
      },
      {
        "type": "Secret Keyword",
        "filename": "tests/_archive/test_streaming_crypto.py",
        "hashed_secret": "b04edc2435863e42fe8dc0bd8d61f032a43b85ec",
        "is_verified": false,
        "line_number": 835
      },
      {
        "type": "Secret Keyword",
        "filename": "tests/_archive/test_streaming_crypto.py",
        "hashed_secret": "5c1bb467150dafcfc27b6dc0b842d8c5ce3b7379",
        "is_verified": false,
        "line_number": 859
      },
      {
        "type": "Secret Keyword",
        "filename": "tests/_archive/test_streaming_crypto.py",
        "hashed_secret": "2ff690e4e07429d4a5691b79f0172ee6d6a83b61",
        "is_verified": false,
        "line_number": 883
      },
      {
        "type": "Secret Keyword",
        "filename": "tests/_archive/test_streaming_crypto.py",
        "hashed_secret": "98e9eea90e18522f091d05fb0c43434e06ab254a",
        "is_verified": false,
        "line_number": 895
      },
      {
        "type": "Secret Keyword",
        "filename": "tests/_archive/test_streaming_crypto.py",
        "hashed_secret": "caef0b93580ce4b728f2f0392e058d23b5587e48",
        "is_verified": false,
        "line_number": 960
      },
      {
        "type": "Secret Keyword",
        "filename": "tests/_archive/test_streaming_crypto.py",
        "hashed_secret": "08e3e911d62f63d8fc8cbc678b7c12f1f356b034",
        "is_verified": false,
        "line_number": 1169
      },
      {
        "type": "Secret Keyword",
        "filename": "tests/_archive/test_streaming_crypto.py",
        "hashed_secret": "b8990936df0a6e0760128626fe97c5d1f609e616",
        "is_verified": false,
        "line_number": 1206
      },
      {
        "type": "Secret Keyword",
        "filename": "tests/_archive/test_streaming_crypto.py",
        "hashed_secret": "7e9574acb44f8bd9cb8a00034c524880167252d4",
        "is_verified": false,
        "line_number": 1352
      }
    ],
    "tests/generate_golden_videos.js": [
      {
        "type": "Hex High Entropy String",
        "filename": "tests/generate_golden_videos.js",
        "hashed_secret": "244f421f896bdcdd2784dccf4eaf7c8dfd5189b5",
        "is_verified": false,
        "line_number": 22
      },
      {
        "type": "Hex High Entropy String",
        "filename": "tests/generate_golden_videos.js",
        "hashed_secret": "b1775a785f09a6ebaf2dc33d6eaeb98974d9cdb8",
        "is_verified": false,
        "line_number": 30
      }
    ],
    "tests/golden/errors/README.md": [
      {
        "type": "Hex High Entropy String",
        "filename": "tests/golden/errors/README.md",
        "hashed_secret": "639f088ceef62d2782df370aa282291eec32ea3d",
        "is_verified": false,
        "line_number": 152
      },
      {
        "type": "Hex High Entropy String",
        "filename": "tests/golden/errors/README.md",
        "hashed_secret": "84b51039cce442a9fe03424ea3e92123d2a3aa18",
        "is_verified": false,
        "line_number": 203
      },
      {
        "type": "Hex High Entropy String",
        "filename": "tests/golden/errors/README.md",
        "hashed_secret": "249aa91c1d27fd11614f3e3b8c6f277e1adcba05",
        "is_verified": false,
        "line_number": 247
      },
      {
        "type": "Hex High Entropy String",
        "filename": "tests/golden/errors/README.md",
        "hashed_secret": "1e9aa0995d91155e440137179618accc9a1271ea",
        "is_verified": false,
        "line_number": 303
      },
      {
        "type": "Hex High Entropy String",
        "filename": "tests/golden/errors/README.md",
        "hashed_secret": "eca1229ee520c348361954d7b334890597fcb8fd",
        "is_verified": false,
        "line_number": 345
      },
      {
        "type": "Hex High Entropy String",
        "filename": "tests/golden/errors/README.md",
        "hashed_secret": "1d5f132811272620c60ff0773c45105227f3b10c",
        "is_verified": false,
        "line_number": 384
      },
      {
        "type": "Hex High Entropy String",
        "filename": "tests/golden/errors/README.md",
        "hashed_secret": "db9810366e7c2f04d61e9e8956973ebac45e9d4f",
        "is_verified": false,
        "line_number": 430
      },
      {
        "type": "Hex High Entropy String",
        "filename": "tests/golden/errors/README.md",
        "hashed_secret": "6330cd3d92a73c8fafb441ccc089918622624584",
        "is_verified": false,
        "line_number": 623
      },
      {
        "type": "Hex High Entropy String",
        "filename": "tests/golden/errors/README.md",
        "hashed_secret": "1cab036b459779b1eb5d4a4608dfdee519063cb8",
        "is_verified": false,
        "line_number": 674
      },
      {
        "type": "Hex High Entropy String",
        "filename": "tests/golden/errors/README.md",
        "hashed_secret": "6cdd846e85c8c4ed4845cc99bbed50bfcfdcebb9",
        "is_verified": false,
        "line_number": 718
      },
      {
        "type": "Hex High Entropy String",
        "filename": "tests/golden/errors/README.md",
        "hashed_secret": "62420bd6275c8b297349990081be2032aa6c33d2",
        "is_verified": false,
        "line_number": 774
      },
      {
        "type": "Hex High Entropy String",
        "filename": "tests/golden/errors/README.md",
        "hashed_secret": "0b4a4075290cb107daf02662fb96f1d36b88663f",
        "is_verified": false,
        "line_number": 816
      },
      {
        "type": "Hex High Entropy String",
        "filename": "tests/golden/errors/README.md",
        "hashed_secret": "bb82ba489d4819f6df3d22dea18007f96f6b49c7",
        "is_verified": false,
        "line_number": 855
      },
      {
        "type": "Hex High Entropy String",
        "filename": "tests/golden/errors/README.md",
        "hashed_secret": "3578e23b30ab13833c539f14824d8ba669f7a176",
        "is_verified": false,
        "line_number": 901
      },
      {
        "type": "Hex High Entropy String",
        "filename": "tests/golden/errors/README.md",
        "hashed_secret": "dc248aefbbe593e506889552c843bf38863efa6d",
        "is_verified": false,
        "line_number": 1039
      },
      {
        "type": "Hex High Entropy String",
        "filename": "tests/golden/errors/README.md",
        "hashed_secret": "48264897cfb2b0be53bc941138275988d2106a45",
        "is_verified": false,
        "line_number": 1090
      },
      {
        "type": "Hex High Entropy String",
        "filename": "tests/golden/errors/README.md",
        "hashed_secret": "2809ae064075d59d835ad1b9f04bf7609f58964f",
        "is_verified": false,
        "line_number": 1134
      },
      {
        "type": "Hex High Entropy String",
        "filename": "tests/golden/errors/README.md",
        "hashed_secret": "758a824332645ab7da2ccb48f86091c4cffa1a46",
        "is_verified": false,
        "line_number": 1190
      },
      {
        "type": "Hex High Entropy String",
        "filename": "tests/golden/errors/README.md",
        "hashed_secret": "fa4b3721f1099f01cc271e3529566e74ee595cdc",
        "is_verified": false,
        "line_number": 1232
      },
      {
        "type": "Hex High Entropy String",
        "filename": "tests/golden/errors/README.md",
        "hashed_secret": "0e754bef28b37688a0ad4bb2010f6e31535a199f",
        "is_verified": false,
        "line_number": 1271
      },
      {
        "type": "Hex High Entropy String",
        "filename": "tests/golden/errors/README.md",
        "hashed_secret": "2d80922f31b45b9a3dafbb2f72bdc96dd2b7eb47",
        "is_verified": false,
        "line_number": 1317
      }
    ],
    "tests/golden/errors/manifest.json": [
      {
        "type": "Hex High Entropy String",
        "filename": "tests/golden/errors/manifest.json",
        "hashed_secret": "639f088ceef62d2782df370aa282291eec32ea3d",
        "is_verified": false,
        "line_number": 165
      },
      {
        "type": "Hex High Entropy String",
        "filename": "tests/golden/errors/manifest.json",
        "hashed_secret": "84b51039cce442a9fe03424ea3e92123d2a3aa18",
        "is_verified": false,
        "line_number": 190
      },
      {
        "type": "Hex High Entropy String",
        "filename": "tests/golden/errors/manifest.json",
        "hashed_secret": "249aa91c1d27fd11614f3e3b8c6f277e1adcba05",
        "is_verified": false,
        "line_number": 211
      },
      {
        "type": "Hex High Entropy String",
        "filename": "tests/golden/errors/manifest.json",
        "hashed_secret": "1e9aa0995d91155e440137179618accc9a1271ea",
        "is_verified": false,
        "line_number": 241
      },
      {
        "type": "Hex High Entropy String",
        "filename": "tests/golden/errors/manifest.json",
        "hashed_secret": "eca1229ee520c348361954d7b334890597fcb8fd",
        "is_verified": false,
        "line_number": 260
      },
      {
        "type": "Hex High Entropy String",
        "filename": "tests/golden/errors/manifest.json",
        "hashed_secret": "1d5f132811272620c60ff0773c45105227f3b10c",
        "is_verified": false,
        "line_number": 276
      },
      {
        "type": "Hex High Entropy String",
        "filename": "tests/golden/errors/manifest.json",
        "hashed_secret": "db9810366e7c2f04d61e9e8956973ebac45e9d4f",
        "is_verified": false,
        "line_number": 299
      },
      {
        "type": "Hex High Entropy String",
        "filename": "tests/golden/errors/manifest.json",
        "hashed_secret": "6330cd3d92a73c8fafb441ccc089918622624584",
        "is_verified": false,
        "line_number": 466
      },
      {
        "type": "Hex High Entropy String",
        "filename": "tests/golden/errors/manifest.json",
        "hashed_secret": "1cab036b459779b1eb5d4a4608dfdee519063cb8",
        "is_verified": false,
        "line_number": 491
      },
      {
        "type": "Hex High Entropy String",
        "filename": "tests/golden/errors/manifest.json",
        "hashed_secret": "6cdd846e85c8c4ed4845cc99bbed50bfcfdcebb9",
        "is_verified": false,
        "line_number": 512
      },
      {
        "type": "Hex High Entropy String",
        "filename": "tests/golden/errors/manifest.json",
        "hashed_secret": "62420bd6275c8b297349990081be2032aa6c33d2",
        "is_verified": false,
        "line_number": 542
      },
      {
        "type": "Hex High Entropy String",
        "filename": "tests/golden/errors/manifest.json",
        "hashed_secret": "0b4a4075290cb107daf02662fb96f1d36b88663f",
        "is_verified": false,
        "line_number": 561
      },
      {
        "type": "Hex High Entropy String",
        "filename": "tests/golden/errors/manifest.json",
        "hashed_secret": "bb82ba489d4819f6df3d22dea18007f96f6b49c7",
        "is_verified": false,
        "line_number": 577
      },
      {
        "type": "Hex High Entropy String",
        "filename": "tests/golden/errors/manifest.json",
        "hashed_secret": "3578e23b30ab13833c539f14824d8ba669f7a176",
        "is_verified": false,
        "line_number": 600
      },
      {
        "type": "Hex High Entropy String",
        "filename": "tests/golden/errors/manifest.json",
        "hashed_secret": "dc248aefbbe593e506889552c843bf38863efa6d",
        "is_verified": false,
        "line_number": 712
      },
      {
        "type": "Hex High Entropy String",
        "filename": "tests/golden/errors/manifest.json",
        "hashed_secret": "48264897cfb2b0be53bc941138275988d2106a45",
        "is_verified": false,
        "line_number": 737
      },
      {
        "type": "Hex High Entropy String",
        "filename": "tests/golden/errors/manifest.json",
        "hashed_secret": "2809ae064075d59d835ad1b9f04bf7609f58964f",
        "is_verified": false,
        "line_number": 758
      },
      {
        "type": "Hex High Entropy String",
        "filename": "tests/golden/errors/manifest.json",
        "hashed_secret": "758a824332645ab7da2ccb48f86091c4cffa1a46",
        "is_verified": false,
        "line_number": 788
      },
      {
        "type": "Hex High Entropy String",
        "filename": "tests/golden/errors/manifest.json",
        "hashed_secret": "fa4b3721f1099f01cc271e3529566e74ee595cdc",
        "is_verified": false,
        "line_number": 807
      },
      {
        "type": "Hex High Entropy String",
        "filename": "tests/golden/errors/manifest.json",
        "hashed_secret": "0e754bef28b37688a0ad4bb2010f6e31535a199f",
        "is_verified": false,
        "line_number": 823
      },
      {
        "type": "Hex High Entropy String",
        "filename": "tests/golden/errors/manifest.json",
        "hashed_secret": "2d80922f31b45b9a3dafbb2f72bdc96dd2b7eb47",
        "is_verified": false,
        "line_number": 846
      }
    ],
    "tests/security/test_ci_distinguishability.py": [
      {
        "type": "Secret Keyword",
        "filename": "tests/security/test_ci_distinguishability.py",
        "hashed_secret": "3e1671627c075cd10a4e8b2e5e07eb02d5cf3ba6",
        "is_verified": false,
        "line_number": 204
      },
      {
        "type": "Secret Keyword",
        "filename": "tests/security/test_ci_distinguishability.py",
        "hashed_secret": "55ad518185f15252b300b6eb46d40617a066816d",
        "is_verified": false,
        "line_number": 236
      },
      {
        "type": "Secret Keyword",
        "filename": "tests/security/test_ci_distinguishability.py",
        "hashed_secret": "2e55c9809b60bcfb13c8e579066f6916188d0cf6",
        "is_verified": false,
        "line_number": 269
      },
      {
        "type": "Secret Keyword",
        "filename": "tests/security/test_ci_distinguishability.py",
        "hashed_secret": "9d07d07e5fea6cc45adb70dffb7e57fbc9cbab38",
        "is_verified": false,
        "line_number": 302
      },
      {
        "type": "Secret Keyword",
        "filename": "tests/security/test_ci_distinguishability.py",
        "hashed_secret": "82bbc051376235595ffb0ca26d812be9c2beb349",
        "is_verified": false,
        "line_number": 335
      },
      {
        "type": "Secret Keyword",
        "filename": "tests/security/test_ci_distinguishability.py",
        "hashed_secret": "23ce5d01f7f82c7ed904d3a928b18adaad3b730b",
        "is_verified": false,
        "line_number": 361
      },
      {
        "type": "Secret Keyword",
        "filename": "tests/security/test_ci_distinguishability.py",
        "hashed_secret": "6df4a927a51206feb0a6f8b69c242d25a335b649",
        "is_verified": false,
        "line_number": 393
      }
    ],
    "tests/security/test_dual_stream.py": [
      {
        "type": "Secret Keyword",
        "filename": "tests/security/test_dual_stream.py",
        "hashed_secret": "4bcd0c2873c9980d93c45c1564320cffe5421898",
        "is_verified": false,
        "line_number": 86
      },
      {
        "type": "Secret Keyword",
        "filename": "tests/security/test_dual_stream.py",
        "hashed_secret": "4e5b134a88da50d81ef77f32eff62f4b0053047c",
        "is_verified": false,
        "line_number": 125
      },
      {
        "type": "Secret Keyword",
        "filename": "tests/security/test_dual_stream.py",
        "hashed_secret": "7dad2b5cad8eabf6257d78de68bd35af8a76bee8",
        "is_verified": false,
        "line_number": 224
      },
      {
        "type": "Secret Keyword",
        "filename": "tests/security/test_dual_stream.py",
        "hashed_secret": "0f7691416e5d2ae3faec62b5f92ceeb5979b5843",
        "is_verified": false,
        "line_number": 245
      },
      {
        "type": "Secret Keyword",
        "filename": "tests/security/test_dual_stream.py",
        "hashed_secret": "1e7dc4dabad3d03c0710d5aaa51b93f13197f4c3",
        "is_verified": false,
        "line_number": 294
      },
      {
        "type": "Secret Keyword",
        "filename": "tests/security/test_dual_stream.py",
        "hashed_secret": "02590bc901768db7885943a1002ffc36959bab4d",
        "is_verified": false,
        "line_number": 310
      },
      {
        "type": "Secret Keyword",
        "filename": "tests/security/test_dual_stream.py",
        "hashed_secret": "2aaaae8ce9acd33958f5874d6c434d9030acebab",
        "is_verified": false,
        "line_number": 356
      },
      {
        "type": "Secret Keyword",
        "filename": "tests/security/test_dual_stream.py",
        "hashed_secret": "bd407fe899b3e91bfa729e84b8e4b7ca6bae1ea0",
        "is_verified": false,
        "line_number": 405
      },
      {
        "type": "Secret Keyword",
        "filename": "tests/security/test_dual_stream.py",
        "hashed_secret": "941d193b2167c2f107d3976cb539ee76b7193333",
        "is_verified": false,
        "line_number": 567
      },
      {
        "type": "Secret Keyword",
        "filename": "tests/security/test_dual_stream.py",
        "hashed_secret": "6fbce7b40c9274378fbe6c7cfc08619606496882",
        "is_verified": false,
        "line_number": 582
      },
      {
        "type": "Secret Keyword",
        "filename": "tests/security/test_dual_stream.py",
        "hashed_secret": "95abc39832e1aefca6c52fdb178669f2b22bbf61",
        "is_verified": false,
        "line_number": 644
      }
    ],
    "tests/test_adversarial.py": [
      {
        "type": "Secret Keyword",
        "filename": "tests/test_adversarial.py",
        "hashed_secret": "1c58bd92003bbaa0538e249fff6ee19a270dec5f",
        "is_verified": false,
        "line_number": 74
      },
      {
        "type": "Secret Keyword",
        "filename": "tests/test_adversarial.py",
        "hashed_secret": "337651e587130e61b9a52ab093eff38619ec9901",
        "is_verified": false,
        "line_number": 341
      },
      {
        "type": "Secret Keyword",
        "filename": "tests/test_adversarial.py",
        "hashed_secret": "f74a8b8be28f3ac4bc42eadf0bd144b0dce1042f",
        "is_verified": false,
        "line_number": 342
      }
    ],
    "tests/test_audit_fixes.py": [
      {
        "type": "Secret Keyword",
        "filename": "tests/test_audit_fixes.py",
        "hashed_secret": "cbfdac6008f9cab4083784cbd1874f76618d2a97",
        "is_verified": false,
        "line_number": 112
      },
      {
        "type": "Secret Keyword",
        "filename": "tests/test_audit_fixes.py",
        "hashed_secret": "2317aa72dafa0a07f05af47baa2e388f95dcf6f3",
        "is_verified": false,
        "line_number": 570
      }
    ],
    "tests/test_cat_mode_e2e.spec.js": [
      {
        "type": "Secret Keyword",
        "filename": "tests/test_cat_mode_e2e.spec.js",
        "hashed_secret": "ed5a48e832046472b3fa9403213db457eff92c86",
        "is_verified": false,
        "line_number": 121
      }
    ],
    "tests/test_cat_mode_golden.html": [
      {
        "type": "Hex High Entropy String",
        "filename": "tests/test_cat_mode_golden.html",
        "hashed_secret": "244f421f896bdcdd2784dccf4eaf7c8dfd5189b5",
        "is_verified": false,
        "line_number": 176
      },
      {
        "type": "Hex High Entropy String",
        "filename": "tests/test_cat_mode_golden.html",
        "hashed_secret": "b1775a785f09a6ebaf2dc33d6eaeb98974d9cdb8",
        "is_verified": false,
        "line_number": 185
      }
    ],
    "tests/test_cat_mode_proof.js": [
      {
        "type": "Secret Keyword",
        "filename": "tests/test_cat_mode_proof.js",
        "hashed_secret": "6809ffccad03b80fa1fbc32c17e7e054805ec30b",
        "is_verified": false,
        "line_number": 255
      }
    ],
    "tests/test_cat_utils.py": [
      {
        "type": "Secret Keyword",
        "filename": "tests/test_cat_utils.py",
        "hashed_secret": "5a0aee0f3af308cd6d74d617fde6592c2bc94fa3",
        "is_verified": false,
        "line_number": 516
      },
      {
        "type": "Secret Keyword",
        "filename": "tests/test_cat_utils.py",
        "hashed_secret": "9fb7fe1217aed442b04c0f5e43b5d5a7d3287097",
        "is_verified": false,
        "line_number": 530
      }
    ],
    "tests/test_cat_video_pipeline.js": [
      {
        "type": "Secret Keyword",
        "filename": "tests/test_cat_video_pipeline.js",
        "hashed_secret": "e7902a629e0e4aff87d8cc6eaeb5d80641cb505b",
        "is_verified": false,
        "line_number": 168
      }
    ],
    "tests/test_cross_browser.spec.js": [
      {
        "type": "Hex High Entropy String",
        "filename": "tests/test_cross_browser.spec.js",
        "hashed_secret": "244f421f896bdcdd2784dccf4eaf7c8dfd5189b5",
        "is_verified": false,
        "line_number": 26
      }
    ],
    "tests/test_crypto.py": [
      {
        "type": "Secret Keyword",
        "filename": "tests/test_crypto.py",
        "hashed_secret": "c18006fc138809314751cd1991f1e0b820fabd37",
        "is_verified": false,
        "line_number": 111
      },
      {
        "type": "Secret Keyword",
        "filename": "tests/test_crypto.py",
        "hashed_secret": "cbfdac6008f9cab4083784cbd1874f76618d2a97",
        "is_verified": false,
        "line_number": 124
      },
      {
        "type": "Secret Keyword",
        "filename": "tests/test_crypto.py",
        "hashed_secret": "ffb6b0df52406a12074ca094831141bccab2f455",
        "is_verified": false,
        "line_number": 147
      },
      {
        "type": "Secret Keyword",
        "filename": "tests/test_crypto.py",
        "hashed_secret": "ae9030c665364eb2651d450e8321ae62dd51a726",
        "is_verified": false,
        "line_number": 187
      }
    ],
    "tests/test_decode_gif.py": [
      {
        "type": "Secret Keyword",
        "filename": "tests/test_decode_gif.py",
        "hashed_secret": "cbfdac6008f9cab4083784cbd1874f76618d2a97",
        "is_verified": false,
        "line_number": 143
      },
      {
        "type": "Private Key",
        "filename": "tests/test_decode_gif.py",
        "hashed_secret": "1348b145fa1a555461c1b790a2f66614781091e9",
        "is_verified": false,
        "line_number": 1675
      },
      {
        "type": "Base64 High Entropy String",
        "filename": "tests/test_decode_gif.py",
        "hashed_secret": "4b8d92309e0f24e224b6aded170fbb2b6aa9657e",
        "is_verified": false,
        "line_number": 1676
      }
    ],
    "tests/test_duress_mode.py": [
      {
        "type": "Secret Keyword",
        "filename": "tests/test_duress_mode.py",
        "hashed_secret": "e5e9fa1ba31ecd1ae84f75caaa474f3a663f05f4",
        "is_verified": false,
        "line_number": 166
      },
      {
        "type": "Secret Keyword",
        "filename": "tests/test_duress_mode.py",
        "hashed_secret": "067ff1ac288de045504c3e5dcc39bd1cf52aee78",
        "is_verified": false,
        "line_number": 505
      }
    ],
    "tests/test_e2e_crypto_fountain.py": [
      {
        "type": "Secret Keyword",
        "filename": "tests/test_e2e_crypto_fountain.py",
        "hashed_secret": "19f651512dfb4d23b679feb037d20a00084fbc03",
        "is_verified": false,
        "line_number": 126
      },
      {
        "type": "Secret Keyword",
        "filename": "tests/test_e2e_crypto_fountain.py",
        "hashed_secret": "3280fbec1b9f6d91439c5fa6891e9405ca233372",
        "is_verified": false,
        "line_number": 133
      },
      {
        "type": "Secret Keyword",
        "filename": "tests/test_e2e_crypto_fountain.py",
        "hashed_secret": "95c592cccd87905a68a909a9fc33a7a34bd20491",
        "is_verified": false,
        "line_number": 148
      },
      {
        "type": "Secret Keyword",
        "filename": "tests/test_e2e_crypto_fountain.py",
        "hashed_secret": "3916f2556911b0ebbd6c6dee505a8e490908e358",
        "is_verified": false,
        "line_number": 160
      },
      {
        "type": "Secret Keyword",
        "filename": "tests/test_e2e_crypto_fountain.py",
        "hashed_secret": "3e42db2ba39676520b8b4320764d5582c05f2f6f",
        "is_verified": false,
        "line_number": 176
      },
      {
        "type": "Secret Keyword",
        "filename": "tests/test_e2e_crypto_fountain.py",
        "hashed_secret": "8f496788bffe8b052feeb2c64bbf8e38bdaec69b",
        "is_verified": false,
        "line_number": 196
      },
      {
        "type": "Secret Keyword",
        "filename": "tests/test_e2e_crypto_fountain.py",
        "hashed_secret": "80704940712b74bc9e1e049aaebad03bb7abee77",
        "is_verified": false,
        "line_number": 205
      },
      {
        "type": "Secret Keyword",
        "filename": "tests/test_e2e_crypto_fountain.py",
        "hashed_secret": "3c7b7e27ce4a5628b235c5521005e0ac76db20b5",
        "is_verified": false,
        "line_number": 223
      },
      {
        "type": "Secret Keyword",
        "filename": "tests/test_e2e_crypto_fountain.py",
        "hashed_secret": "722fef84f786c577b53c4c60455db257fc9bcb5a",
        "is_verified": false,
        "line_number": 235
      },
      {
        "type": "Secret Keyword",
        "filename": "tests/test_e2e_crypto_fountain.py",
        "hashed_secret": "ec4f30bd9424a1625fb62d0543d58f4eb64e49bc",
        "is_verified": false,
        "line_number": 262
      },
      {
        "type": "Secret Keyword",
        "filename": "tests/test_e2e_crypto_fountain.py",
        "hashed_secret": "2ec1b0ce06c3b4a2fa5fa34b3c54e73da3e55c48",
        "is_verified": false,
        "line_number": 301
      },
      {
        "type": "Secret Keyword",
        "filename": "tests/test_e2e_crypto_fountain.py",
        "hashed_secret": "e037de97c6f6d02dfcad449240a6d95a2795538f",
        "is_verified": false,
        "line_number": 333
      },
      {
        "type": "Secret Keyword",
        "filename": "tests/test_e2e_crypto_fountain.py",
        "hashed_secret": "d9fad31f2d7bf8f70a983d32ca0ab7031ef93e9a",
        "is_verified": false,
        "line_number": 364
      },
      {
        "type": "Secret Keyword",
        "filename": "tests/test_e2e_crypto_fountain.py",
        "hashed_secret": "7be24759675ab0bd23313159afdc74499955e901",
        "is_verified": false,
        "line_number": 408
      },
      {
        "type": "Secret Keyword",
        "filename": "tests/test_e2e_crypto_fountain.py",
        "hashed_secret": "b5da728ad9950fc2162fcaab23278e0d31e7a027",
        "is_verified": false,
        "line_number": 613
      }
    ],
    "tests/test_e2e_ratchet_pipeline.py": [
      {
        "type": "Secret Keyword",
        "filename": "tests/test_e2e_ratchet_pipeline.py",
        "hashed_secret": "2082486644c7213ff04934cccb806402c715ed3b",
        "is_verified": false,
        "line_number": 183
      },
      {
        "type": "Secret Keyword",
        "filename": "tests/test_e2e_ratchet_pipeline.py",
        "hashed_secret": "0e58adebe6a6991c8bb81d5dddab553ca0f33b13",
        "is_verified": false,
        "line_number": 190
      },
      {
        "type": "Secret Keyword",
        "filename": "tests/test_e2e_ratchet_pipeline.py",
        "hashed_secret": "1051b024b24cc0351385ee6d55553f35c7d373aa",
        "is_verified": false,
        "line_number": 202
      },
      {
        "type": "Secret Keyword",
        "filename": "tests/test_e2e_ratchet_pipeline.py",
        "hashed_secret": "b6265098578e4ada15d8255096349e2a3c7353e2",
        "is_verified": false,
        "line_number": 213
      },
      {
        "type": "Secret Keyword",
        "filename": "tests/test_e2e_ratchet_pipeline.py",
        "hashed_secret": "9c9426c20a5fcb490eaaf296622bc16d91e5b08b",
        "is_verified": false,
        "line_number": 225
      },
      {
        "type": "Secret Keyword",
        "filename": "tests/test_e2e_ratchet_pipeline.py",
        "hashed_secret": "b32617a0cccdb16b0eab3070a52eb58656e91bb8",
        "is_verified": false,
        "line_number": 241
      },
      {
        "type": "Secret Keyword",
        "filename": "tests/test_e2e_ratchet_pipeline.py",
        "hashed_secret": "0324a2ee31f0ecd73f19e1b6b3bcddc1ebce0754",
        "is_verified": false,
        "line_number": 254
      },
      {
        "type": "Secret Keyword",
        "filename": "tests/test_e2e_ratchet_pipeline.py",
        "hashed_secret": "3504fbf76f4582b18695a08a62e3db5bf3f16926",
        "is_verified": false,
        "line_number": 274
      },
      {
        "type": "Secret Keyword",
        "filename": "tests/test_e2e_ratchet_pipeline.py",
        "hashed_secret": "fe1156c164aa4fb94ee4fed67a284f6e54440fe2",
        "is_verified": false,
        "line_number": 286
      },
      {
        "type": "Secret Keyword",
        "filename": "tests/test_e2e_ratchet_pipeline.py",
        "hashed_secret": "e1a2c890d560bbcad26d9bb69fb8148e3f10b437",
        "is_verified": false,
        "line_number": 301
      },
      {
        "type": "Secret Keyword",
        "filename": "tests/test_e2e_ratchet_pipeline.py",
        "hashed_secret": "fc6c099e53dcf9a95909dbc21cb245c332768ed0",
        "is_verified": false,
        "line_number": 320
      },
      {
        "type": "Secret Keyword",
        "filename": "tests/test_e2e_ratchet_pipeline.py",
        "hashed_secret": "d49322fbfb08b886ec1d2056112199c9a0291790",
        "is_verified": false,
        "line_number": 348
      },
      {
        "type": "Secret Keyword",
        "filename": "tests/test_e2e_ratchet_pipeline.py",
        "hashed_secret": "06ab382be70321f9a01fd883d0f07b913f9a230f",
        "is_verified": false,
        "line_number": 372
      },
      {
        "type": "Secret Keyword",
        "filename": "tests/test_e2e_ratchet_pipeline.py",
        "hashed_secret": "9239e639e4f3e8d78b4743e227f5272079e9b528",
        "is_verified": false,
        "line_number": 392
      },
      {
        "type": "Secret Keyword",
        "filename": "tests/test_e2e_ratchet_pipeline.py",
        "hashed_secret": "e3b1c2ffe0a88fddeff07c505d6459f05a772464",
        "is_verified": false,
        "line_number": 409
      }
    ],
    "tests/test_encode.py": [
      {
        "type": "Secret Keyword",
        "filename": "tests/test_encode.py",
        "hashed_secret": "1a91d62f7ca67399625a4368a6ab5d4a3baa6073",
        "is_verified": false,
        "line_number": 494
      },
      {
        "type": "Secret Keyword",
        "filename": "tests/test_encode.py",
        "hashed_secret": "e38ad214943daad1d64c102faec29de4afe9da3d",
        "is_verified": false,
        "line_number": 530
      },
      {
        "type": "Secret Keyword",
        "filename": "tests/test_encode.py",
        "hashed_secret": "8962c53d97e20eae8c2ac190dd4c297793263c14",
        "is_verified": false,
        "line_number": 1698
      },
      {
        "type": "Secret Keyword",
        "filename": "tests/test_encode.py",
        "hashed_secret": "e6eae2da3b4a5bf296d0495192788e2772ac5c79",
        "is_verified": false,
        "line_number": 2125
      }
    ],
    "tests/test_formal_fuzz_gaps_fountain.py": [
      {
        "type": "Secret Keyword",
        "filename": "tests/test_formal_fuzz_gaps_fountain.py",
        "hashed_secret": "1258ff3d864adc259911c0d3c3a0d42530556504",
        "is_verified": false,
        "line_number": 100
      },
      {
        "type": "Secret Keyword",
        "filename": "tests/test_formal_fuzz_gaps_fountain.py",
        "hashed_secret": "1e050f4f15cf53dec177545d65fa397ad55b0e43",
        "is_verified": false,
        "line_number": 101
      },
      {
        "type": "Secret Keyword",
        "filename": "tests/test_formal_fuzz_gaps_fountain.py",
        "hashed_secret": "7e9b50b69f98118c7adbdb8bf0479d6e499e3a01",
        "is_verified": false,
        "line_number": 112
      },
      {
        "type": "Secret Keyword",
        "filename": "tests/test_formal_fuzz_gaps_fountain.py",
        "hashed_secret": "2fce2c15204f8ef554f78173eac8baff767e9559",
        "is_verified": false,
        "line_number": 113
      },
      {
        "type": "Secret Keyword",
        "filename": "tests/test_formal_fuzz_gaps_fountain.py",
        "hashed_secret": "6e93ffb846d4f1ea5356a3cdba52639ba41e3c17",
        "is_verified": false,
        "line_number": 121
      },
      {
        "type": "Secret Keyword",
        "filename": "tests/test_formal_fuzz_gaps_fountain.py",
        "hashed_secret": "df9790e60f56ac25b6a02c399bb17df6114f9439",
        "is_verified": false,
        "line_number": 135
      },
      {
        "type": "Secret Keyword",
        "filename": "tests/test_formal_fuzz_gaps_fountain.py",
        "hashed_secret": "9cd2b7f2455dd70370fe9e22ed223e89e835e2fb",
        "is_verified": false,
        "line_number": 136
      }
    ],
    "tests/test_fuzz_targets.py": [
      {
        "type": "Secret Keyword",
        "filename": "tests/test_fuzz_targets.py",
        "hashed_secret": "8e53ee94f9d0865c73af91fba46292204235a5b1",
        "is_verified": false,
        "line_number": 268
      },
      {
        "type": "Secret Keyword",
        "filename": "tests/test_fuzz_targets.py",
        "hashed_secret": "a0f4ea7d91495df92bbac2e2149dfb850fe81396",
        "is_verified": false,
        "line_number": 289
      }
    ],
    "tests/test_golden_vectors.py": [
      {
        "type": "Secret Keyword",
        "filename": "tests/test_golden_vectors.py",
        "hashed_secret": "c18006fc138809314751cd1991f1e0b820fabd37",
        "is_verified": false,
        "line_number": 48
      },
      {
        "type": "Hex High Entropy String",
        "filename": "tests/test_golden_vectors.py",
        "hashed_secret": "97a8ab655f9cfe70674405e5205bf048ae9d579c",
        "is_verified": false,
        "line_number": 72
      },
      {
        "type": "Hex High Entropy String",
        "filename": "tests/test_golden_vectors.py",
        "hashed_secret": "93dbd2f645f5e90dfa14cc95fad2f32426bbda35",
        "is_verified": false,
        "line_number": 95
      },
      {
        "type": "Hex High Entropy String",
        "filename": "tests/test_golden_vectors.py",
        "hashed_secret": "ca624f72b5b22ee338838083171a859b21eb7c6a",
        "is_verified": false,
        "line_number": 115
      },
      {
        "type": "Hex High Entropy String",
        "filename": "tests/test_golden_vectors.py",
        "hashed_secret": "fe950ea1dc262426225f98fc47d37a5cc1173fb5",
        "is_verified": false,
        "line_number": 115
      },
      {
        "type": "Hex High Entropy String",
        "filename": "tests/test_golden_vectors.py",
        "hashed_secret": "9ffaede0da5b34cc2ff30241daacc3c57e1c1308",
        "is_verified": false,
        "line_number": 147
      },
      {
        "type": "Hex High Entropy String",
        "filename": "tests/test_golden_vectors.py",
        "hashed_secret": "bf81e9ad104ad60e3649d2747ef7b1819c238744",
        "is_verified": false,
        "line_number": 177
      },
      {
        "type": "Hex High Entropy String",
        "filename": "tests/test_golden_vectors.py",
        "hashed_secret": "e9990862dc305d65563118359ae4b8291bd31492",
        "is_verified": false,
        "line_number": 234
      },
      {
        "type": "Hex High Entropy String",
        "filename": "tests/test_golden_vectors.py",
        "hashed_secret": "219181a187548c6fcf78df05a1f53572f6e7f23e",
        "is_verified": false,
        "line_number": 235
      },
      {
        "type": "Hex High Entropy String",
        "filename": "tests/test_golden_vectors.py",
        "hashed_secret": "c748db33b0c7e88f75c0528e081ea7b43c2c796d",
        "is_verified": false,
        "line_number": 259
      },
      {
        "type": "Hex High Entropy String",
        "filename": "tests/test_golden_vectors.py",
        "hashed_secret": "2df0e27f1de6d69e1e2efa429b08b9568e855ded",
        "is_verified": false,
        "line_number": 260
      },
      {
        "type": "Hex High Entropy String",
        "filename": "tests/test_golden_vectors.py",
        "hashed_secret": "b88d66207d9fe3a171d95e2abea65893572f070f",
        "is_verified": false,
        "line_number": 261
      },
      {
        "type": "Hex High Entropy String",
        "filename": "tests/test_golden_vectors.py",
        "hashed_secret": "6c2ee53fd5ad8c2d2852525c58665f738924854b",
        "is_verified": false,
        "line_number": 263
      },
      {
        "type": "Hex High Entropy String",
        "filename": "tests/test_golden_vectors.py",
        "hashed_secret": "87516f973bef1cbe51f6dd25049b447883421a4b",
        "is_verified": false,
        "line_number": 278
      },
      {
        "type": "Hex High Entropy String",
        "filename": "tests/test_golden_vectors.py",
        "hashed_secret": "4448f73e0f04ed1044f1bb70248aadc1aed3299b",
        "is_verified": false,
        "line_number": 312
      },
      {
        "type": "Hex High Entropy String",
        "filename": "tests/test_golden_vectors.py",
        "hashed_secret": "bb96365a0c534ce5821ce16a4c55b7a032fd1fd8",
        "is_verified": false,
        "line_number": 313
      },
      {
        "type": "Hex High Entropy String",
        "filename": "tests/test_golden_vectors.py",
        "hashed_secret": "39c3befb751c18f767b1c25d7ed9feb3b81b0a15",
        "is_verified": false,
        "line_number": 314
      },
      {
        "type": "Hex High Entropy String",
        "filename": "tests/test_golden_vectors.py",
        "hashed_secret": "c4a3a683df3d3e30b752eec5fca2da5c739f6926",
        "is_verified": false,
        "line_number": 315
      },
      {
        "type": "Hex High Entropy String",
        "filename": "tests/test_golden_vectors.py",
        "hashed_secret": "682b4a4af0cff5a91aa8e4da5409f3ab9eb9a917",
        "is_verified": false,
        "line_number": 435
      },
      {
        "type": "Hex High Entropy String",
        "filename": "tests/test_golden_vectors.py",
        "hashed_secret": "4b1f12f70e648c37a65cbce4fb4914444753c6ab",
        "is_verified": false,
        "line_number": 436
      },
      {
        "type": "Hex High Entropy String",
        "filename": "tests/test_golden_vectors.py",
        "hashed_secret": "1284603b66c7dcd743d72592db7995b647df3408",
        "is_verified": false,
        "line_number": 437
      },
      {
        "type": "Hex High Entropy String",
        "filename": "tests/test_golden_vectors.py",
        "hashed_secret": "d56947cf00147012b43590e69e23c2c18e0f50a9",
        "is_verified": false,
        "line_number": 438
      },
      {
        "type": "Hex High Entropy String",
        "filename": "tests/test_golden_vectors.py",
        "hashed_secret": "4a38aa084ba47d5ac78f8e0073ed76f6438a6236",
        "is_verified": false,
        "line_number": 439
      },
      {
        "type": "Hex High Entropy String",
        "filename": "tests/test_golden_vectors.py",
        "hashed_secret": "a63f5c1120160660d344e9e506947b7171c6f035",
        "is_verified": false,
        "line_number": 442
      },
      {
        "type": "Hex High Entropy String",
        "filename": "tests/test_golden_vectors.py",
        "hashed_secret": "71a60673f4ab63e6b214f9ef243f681a489e15f6",
        "is_verified": false,
        "line_number": 443
      },
      {
        "type": "Hex High Entropy String",
        "filename": "tests/test_golden_vectors.py",
        "hashed_secret": "470f2af678f8d9baff3d8cba997cf664933d4c6e",
        "is_verified": false,
        "line_number": 444
      },
      {
        "type": "Hex High Entropy String",
        "filename": "tests/test_golden_vectors.py",
        "hashed_secret": "d861cb5fcccb1d5225c9a8fad32166b25d5f10c1",
        "is_verified": false,
        "line_number": 445
      },
      {
        "type": "Hex High Entropy String",
        "filename": "tests/test_golden_vectors.py",
        "hashed_secret": "efe7ebd4e431c5a68a7e20376cea542211bc04fc",
        "is_verified": false,
        "line_number": 446
      }
    ],
    "tests/test_hardware_integration.py": [
      {
        "type": "Secret Keyword",
        "filename": "tests/test_hardware_integration.py",
        "hashed_secret": "e5e9fa1ba31ecd1ae84f75caaa474f3a663f05f4",
        "is_verified": false,
        "line_number": 771
      }
    ],
    "tests/test_invariants_critical.py": [
      {
        "type": "Secret Keyword",
        "filename": "tests/test_invariants_critical.py",
        "hashed_secret": "5baa61e4c9b93f3f0682250b6cf8331b7ee68fd8",
        "is_verified": false,
        "line_number": 31
      }
    ],
    "tests/test_invariants_regressions.py": [
      {
        "type": "Secret Keyword",
        "filename": "tests/test_invariants_regressions.py",
        "hashed_secret": "5baa61e4c9b93f3f0682250b6cf8331b7ee68fd8",
        "is_verified": false,
        "line_number": 21
      }
    ],
    "tests/test_mobile_bridge.py": [
      {
        "type": "Secret Keyword",
        "filename": "tests/test_mobile_bridge.py",
        "hashed_secret": "a94a8fe5ccb19ba61c4c0873d391e987982fbbd3",
        "is_verified": false,
        "line_number": 255
      }
    ],
    "tests/test_no_python_key_bytes.py": [
      {
        "type": "Secret Keyword",
        "filename": "tests/test_no_python_key_bytes.py",
        "hashed_secret": "8c475bf50ad99eaad387bfc6d9072a5189c5d13e",
        "is_verified": false,
        "line_number": 472
      }
    ],
    "tests/test_phase5_modules.py": [
      {
        "type": "Secret Keyword",
        "filename": "tests/test_phase5_modules.py",
        "hashed_secret": "5a0aee0f3af308cd6d74d617fde6592c2bc94fa3",
        "is_verified": false,
        "line_number": 435
      }
    ],
    "tests/test_real_video_decode.mjs": [
      {
        "type": "Secret Keyword",
        "filename": "tests/test_real_video_decode.mjs",
        "hashed_secret": "f50a61a4e2a26d1a3d3d88912f19a16f41e7e0d6",
        "is_verified": false,
        "line_number": 9
      }
    ],
    "tests/test_security_crypto.py": [
      {
        "type": "Secret Keyword",
        "filename": "tests/test_security_crypto.py",
        "hashed_secret": "1c58bd92003bbaa0538e249fff6ee19a270dec5f",
        "is_verified": false,
        "line_number": 38
      },
      {
        "type": "Secret Keyword",
        "filename": "tests/test_security_crypto.py",
        "hashed_secret": "0d9042a91bf1a2f4e724bb01b41854c2c8168931",
        "is_verified": false,
        "line_number": 153
      },
      {
        "type": "Secret Keyword",
        "filename": "tests/test_security_crypto.py",
        "hashed_secret": "b06d02180bd0db64b88d021386cc0a1e784dd0f1",
        "is_verified": false,
        "line_number": 154
      },
      {
        "type": "Secret Keyword",
        "filename": "tests/test_security_crypto.py",
        "hashed_secret": "b5bc013af872265e389b3abee36dd4932a206ab8",
        "is_verified": false,
        "line_number": 194
      },
      {
        "type": "Secret Keyword",
        "filename": "tests/test_security_crypto.py",
        "hashed_secret": "9fb7fe1217aed442b04c0f5e43b5d5a7d3287097",
        "is_verified": false,
        "line_number": 223
      }
    ],
    "tests/test_security_frame_mac.py": [
      {
        "type": "Secret Keyword",
        "filename": "tests/test_security_frame_mac.py",
        "hashed_secret": "1c58bd92003bbaa0538e249fff6ee19a270dec5f",
        "is_verified": false,
        "line_number": 40
      }
    ],
    "tests/test_security_hardening.py": [
      {
        "type": "Secret Keyword",
        "filename": "tests/test_security_hardening.py",
        "hashed_secret": "1c3bd62c5c2133729c3f79220ce2503b85d76a9b",
        "is_verified": false,
        "line_number": 244
      }
    ],
    "tests/test_security_manifest.py": [
      {
        "type": "Secret Keyword",
        "filename": "tests/test_security_manifest.py",
        "hashed_secret": "9b2441ad0fbae2cde4e11edad1221f55c44ea150",
        "is_verified": false,
        "line_number": 34
      },
      {
        "type": "Secret Keyword",
        "filename": "tests/test_security_manifest.py",
        "hashed_secret": "286cb3cf12810c1a48ea0023afa3841e716fe693",
        "is_verified": false,
        "line_number": 47
      }
    ],
    "tests/test_sidechannel.py": [
      {
        "type": "Secret Keyword",
        "filename": "tests/test_sidechannel.py",
        "hashed_secret": "2eb54e1a3732029ee9c306c93f6414e1b80d051f",
        "is_verified": false,
        "line_number": 460
      },
      {
        "type": "Secret Keyword",
        "filename": "tests/test_sidechannel.py",
        "hashed_secret": "666d2ac69b72ea5f58819fe8e02ccc11ef20b6f9",
        "is_verified": false,
        "line_number": 461
      }
    ],
    "tests/test_signal_invariants.py": [
      {
        "type": "Secret Keyword",
        "filename": "tests/test_signal_invariants.py",
        "hashed_secret": "e5be48a92c883e97fa0bc75842cd5f6b0c6b7c57",
        "is_verified": false,
        "line_number": 545
      },
      {
        "type": "Secret Keyword",
        "filename": "tests/test_signal_invariants.py",
        "hashed_secret": "84ca0780425358ea43537a9657a78fb48db2c6de",
        "is_verified": false,
        "line_number": 570
      },
      {
        "type": "Secret Keyword",
        "filename": "tests/test_signal_invariants.py",
        "hashed_secret": "123b0fcb74e80d537504539c57347696bbd7dc96",
        "is_verified": false,
        "line_number": 588
      }
    ],
    "tests/test_web_demo_routes.py": [
      {
        "type": "Secret Keyword",
        "filename": "tests/test_web_demo_routes.py",
        "hashed_secret": "abf7aad6438836dbe526aa231abde2d0eef74d42",
        "is_verified": false,
        "line_number": 206
      },
      {
        "type": "Secret Keyword",
        "filename": "tests/test_web_demo_routes.py",
        "hashed_secret": "b7eb2fb80a1996f8d071a3f3990af809d215798e",
        "is_verified": false,
        "line_number": 249
      },
      {
        "type": "Secret Keyword",
        "filename": "tests/test_web_demo_routes.py",
        "hashed_secret": "6809ffccad03b80fa1fbc32c17e7e054805ec30b",
        "is_verified": false,
        "line_number": 259
      },
      {
        "type": "Secret Keyword",
        "filename": "tests/test_web_demo_routes.py",
        "hashed_secret": "8d9112574fa0a3ae74256924b86af5c30831d09e",
        "is_verified": false,
        "line_number": 299
      },
      {
        "type": "Secret Keyword",
        "filename": "tests/test_web_demo_routes.py",
        "hashed_secret": "5787160644346e72d5ecf68c35a3fae73f807651",
        "is_verified": false,
        "line_number": 346
      },
      {
        "type": "Secret Keyword",
        "filename": "tests/test_web_demo_routes.py",
        "hashed_secret": "0f4d4463f212361db9d4cfd06273f45d17e93c29",
        "is_verified": false,
        "line_number": 391
      }
    ],
    "tests/test_x25519_forward_secrecy.py": [
      {
        "type": "Secret Keyword",
        "filename": "tests/test_x25519_forward_secrecy.py",
        "hashed_secret": "9fb7fe1217aed442b04c0f5e43b5d5a7d3287097",
        "is_verified": false,
        "line_number": 81
      },
      {
        "type": "Secret Keyword",
        "filename": "tests/test_x25519_forward_secrecy.py",
        "hashed_secret": "cbfdac6008f9cab4083784cbd1874f76618d2a97",
        "is_verified": false,
        "line_number": 96
      },
      {
        "type": "Secret Keyword",
        "filename": "tests/test_x25519_forward_secrecy.py",
        "hashed_secret": "5baa61e4c9b93f3f0682250b6cf8331b7ee68fd8",
        "is_verified": false,
        "line_number": 136
      },
      {
        "type": "Secret Keyword",
        "filename": "tests/test_x25519_forward_secrecy.py",
        "hashed_secret": "2394a9661a9089208c1c9c65ccac85a91da6a859",
        "is_verified": false,
        "line_number": 317
      },
      {
        "type": "Secret Keyword",
        "filename": "tests/test_x25519_forward_secrecy.py",
        "hashed_secret": "5a0aee0f3af308cd6d74d617fde6592c2bc94fa3",
        "is_verified": false,
        "line_number": 347
      },
      {
        "type": "Secret Keyword",
        "filename": "tests/test_x25519_forward_secrecy.py",
        "hashed_secret": "1a91d62f7ca67399625a4368a6ab5d4a3baa6073",
        "is_verified": false,
        "line_number": 385
      },
      {
        "type": "Private Key",
        "filename": "tests/test_x25519_forward_secrecy.py",
        "hashed_secret": "1348b145fa1a555461c1b790a2f66614781091e9",
        "is_verified": false,
        "line_number": 403
      },
      {
        "type": "Base64 High Entropy String",
        "filename": "tests/test_x25519_forward_secrecy.py",
        "hashed_secret": "4b8d92309e0f24e224b6aded170fbb2b6aa9657e",
        "is_verified": false,
        "line_number": 404
      },
      {
        "type": "Secret Keyword",
        "filename": "tests/test_x25519_forward_secrecy.py",
        "hashed_secret": "1b929c936ff77e8d6f8c187db92aa697320dc399",
        "is_verified": false,
        "line_number": 443
      },
      {
        "type": "Secret Keyword",
        "filename": "tests/test_x25519_forward_secrecy.py",
        "hashed_secret": "16b949d222fed79ab42233277c085c11acdca41c",
        "is_verified": false,
        "line_number": 485
      },
      {
        "type": "Secret Keyword",
        "filename": "tests/test_x25519_forward_secrecy.py",
        "hashed_secret": "a52368be5f7e5a1d5280e4d045a029246c8a4e94",
        "is_verified": false,
        "line_number": 499
      }
    ],
    "tests/test_zero_key_bytes.py": [
      {
        "type": "Secret Keyword",
        "filename": "tests/test_zero_key_bytes.py",
        "hashed_secret": "9398dba71f0b16249676752c31af85bb19f51ae2",
        "is_verified": false,
        "line_number": 136
      },
      {
        "type": "Secret Keyword",
        "filename": "tests/test_zero_key_bytes.py",
        "hashed_secret": "baac1a803703f9fd0f063973bb327870eba5a68c",
        "is_verified": false,
        "line_number": 339
      }
    ],
    "web_demo/test_cat_e2e_speeds.py": [
      {
        "type": "Secret Keyword",
        "filename": "web_demo/test_cat_e2e_speeds.py",
        "hashed_secret": "c18006fc138809314751cd1991f1e0b820fabd37",
        "is_verified": false,
        "line_number": 28
      }
    ],
    "web_demo/test_cat_mode.py": [
      {
        "type": "Secret Keyword",
        "filename": "web_demo/test_cat_mode.py",
        "hashed_secret": "9bc34549d565d9505b287de0cd20ac77be1d3f2c",
        "is_verified": false,
        "line_number": 57
      }
    ],
    "web_demo/test_cat_mode_refresh.py": [
      {
        "type": "Secret Keyword",
        "filename": "web_demo/test_cat_mode_refresh.py",
        "hashed_secret": "89474e7ee550b712f5b92dd8876654b0db336e6c",
        "is_verified": false,
        "line_number": 263
      },
      {
        "type": "Secret Keyword",
        "filename": "web_demo/test_cat_mode_refresh.py",
        "hashed_secret": "63e575a8b4518f6430c90efc84016731cc22ef48",
        "is_verified": false,
        "line_number": 315
      },
      {
        "type": "Secret Keyword",
        "filename": "web_demo/test_cat_mode_refresh.py",
        "hashed_secret": "3e9157338f5fde2e3f3420f62327279f9ae45eda",
        "is_verified": false,
        "line_number": 316
      }
    ]
  },
  "generated_at": "2026-05-03T12:00:31Z"
}
